<!DOCTYPE dataset SYSTEM "dataset.dtd">
<dataset>
    <table name="colony">
        <column>Id</column>
        <column>Population_Count</column>
        <column>Name</column>
        <row>
            <value>3</value>
            <value>320</value>
            <value>Kiev</value>
        </row>
    </table>
</dataset>